// Jest Snapshot v1, https://goo.gl/fbAQLP

exports[`snapshot searchBar default load 1`] = `
<div
  aria-expanded={false}
  aria-owns={null}
  className="MuiAutocomplete-root makeStyles-root-1 MuiAutocomplete-hasClearIcon"
  onClick={[Function]}
  onKeyDown={[Function]}
  onMouseDown={[Function]}
  role="combobox"
>
  <div
    className="MuiFormControl-root MuiTextField-root makeStyles-input-2 MuiFormControl-fullWidth"
  >
    <div
      className="MuiInputBase-root MuiOutlinedInput-root MuiAutocomplete-inputRoot MuiInputBase-fullWidth MuiInputBase-formControl MuiInputBase-adornedStart MuiOutlinedInput-adornedStart MuiInputBase-adornedEnd MuiOutlinedInput-adornedEnd MuiInputBase-marginDense MuiOutlinedInput-marginDense"
      onClick={[Function]}
    >
      <div
        className="MuiInputAdornment-root MuiInputAdornment-positionStart MuiInputAdornment-marginDense"
      >
        <svg
          aria-hidden={true}
          className="MuiSvgIcon-root makeStyles-searchIcon-3"
          focusable="false"
          viewBox="0 0 24 24"
        >
          <path
            d="M15.5 14h-.79l-.28-.27C15.41 12.59 16 11.11 16 9.5 16 5.91 13.09 3 9.5 3S3 5.91 3 9.5 5.91 16 9.5 16c1.61 0 3.09-.59 4.23-1.57l.27.28v.79l5 4.99L20.49 19l-4.99-5zm-6 0C7.01 14 5 11.99 5 9.5S7.01 5 9.5 5 14 7.01 14 9.5 11.99 14 9.5 14z"
          />
        </svg>
      </div>
      <input
        aria-activedescendant={null}
        aria-autocomplete="list"
        aria-controls={null}
        aria-invalid={false}
        autoCapitalize="none"
        autoComplete="off"
        autoFocus={false}
        className="MuiInputBase-input MuiOutlinedInput-input MuiAutocomplete-input MuiAutocomplete-inputFocused MuiInputBase-inputAdornedStart MuiOutlinedInput-inputAdornedStart MuiInputBase-inputAdornedEnd MuiOutlinedInput-inputAdornedEnd MuiInputBase-inputMarginDense MuiOutlinedInput-inputMarginDense"
        disabled={false}
        onAnimationStart={[Function]}
        onBlur={[Function]}
        onChange={[Function]}
        onFocus={[Function]}
        onMouseDown={[Function]}
        placeholder="Search..."
        required={false}
        spellCheck="false"
        type="text"
        value=""
      />
      <div
        className="MuiAutocomplete-endAdornment"
      >
        <button
          aria-label="Clear"
          className="MuiButtonBase-root MuiIconButton-root MuiAutocomplete-clearIndicator"
          disabled={false}
          onBlur={[Function]}
          onClick={[Function]}
          onDragLeave={[Function]}
          onFocus={[Function]}
          onKeyDown={[Function]}
          onKeyUp={[Function]}
          onMouseDown={[Function]}
          onMouseLeave={[Function]}
          onMouseUp={[Function]}
          onTouchEnd={[Function]}
          onTouchMove={[Function]}
          onTouchStart={[Function]}
          tabIndex={-1}
          title="Clear"
          type="button"
        >
          <span
            className="MuiIconButton-label"
          >
            <svg
              aria-hidden={true}
              className="MuiSvgIcon-root MuiSvgIcon-fontSizeSmall"
              focusable="false"
              viewBox="0 0 24 24"
            >
              <path
                d="M19 6.41L17.59 5 12 10.59 6.41 5 5 6.41 10.59 12 5 17.59 6.41 19 12 13.41 17.59 19 19 17.59 13.41 12z"
              />
            </svg>
          </span>
        </button>
      </div>
      <fieldset
        aria-hidden={true}
        className="PrivateNotchedOutline-root-94 MuiOutlinedInput-notchedOutline"
        style={
          Object {
            "paddingLeft": 8,
          }
        }
      >
        <legend
          className="PrivateNotchedOutline-legend-95"
          style={
            Object {
              "width": 0.01,
            }
          }
        >
          <span
            dangerouslySetInnerHTML={
              Object {
                "__html": "&#8203;",
              }
            }
          />
        </legend>
      </fieldset>
    </div>
  </div>
</div>
`;
